
> avm-platform@0.1.0 build
> next build

node.exe : ÔÜá Warning: Next.js inferred your workspace root, but i
t may not be correct.
At line:1 char:1
+ & "C:\Program Files\nodejs/node.exe" "C:\Program Files\nodejs/nod
e_mo ...
+ ~~~~~~~~~~~~~~~~~~~~~~~~~~~~~~~~~~~~~~~~~~~~~~~~~~~~~~~~~~~~~~~~~
~~~~
    + CategoryInfo          : NotSpecified: (ÔÜá Warning: Ne...not 
    be correct.:String) [], RemoteException
    + FullyQualifiedErrorId : NativeCommandError
 
 We detected multiple lockfiles and selected the directory of C:\Us
ers\atabe\package-lock.json as the root directory.
 To silence this warning, set `turbopack.root` in your Next.js conf
ig, or consider removing one of the lockfiles if it's not needed.
   See https://nextjs.org/docs/app/api-reference/config/next-config
-js/turbopack#root-directory for more information.
 Detected additional lockfiles: 
   * C:\Users\atabe\OneDrive\Masa├╝st├╝\AVM WEB DEMO\avm-platform\p
ackage-lock.json

Ôû▓ Next.js 16.1.1 (Turbopack)
- Environments: .env

ÔÜá The "middleware" file convention is deprecated. Please use "pro
xy" instead. Learn more: https://nextjs.org/docs/messages/middlewar
e-to-proxy
  Creating an optimized production build ...
Ô£ô Compiled successfully in 8.1s
  Running TypeScript ...
Failed to compile.

./src/app/[locale]/(frontend)/page.tsx:120:42
Type error: 'shop.description' is possibly 'undefined'.

[0m [90m 118 |[39m
 [90m 119 |[39m                                     [33m<[39m[
33mp[39m className[33m=[39m[32m"text-muted-foreground text-sm m
t-2 line-clamp-2"[39m[33m>[39m
[31m[1m>[22m[39m[90m 120 |[39m                               
          {shop[33m.[39mdescription[locale [36mas[39m [33mLoca
le[39m]}
 [90m     |[39m                                          [31m[1
m^[22m[39m
 [90m 121 |[39m                                     [33m<[39m[
33m/[39m[33mp[39m[33m>[39m
 [90m 122 |[39m                                 [33m<[39m[33m/
[39m[33mdiv[39m[33m>[39m
 [90m 123 |[39m                             [33m<[39m[33m/[39
m[33mLink[39m[33m>[39m[0m
Next.js build worker exited with code: 1 and signal: null
